// Jest Snapshot v1, https://goo.gl/fbAQLP

exports[`Has Testing Div 1`] = `
<div>
  Testing Test
</div>
`;
